// Jest Snapshot v1, https://goo.gl/fbAQLP

exports[`entry UI render features container should render as expected 1`] = `
<MemoryRouter
  initialEntries={
    Array [
      Object {
        "key": "testKey",
      },
    ]
  }
>
  <Router
    history={
      Object {
        "action": "POP",
        "block": [Function],
        "canGo": [Function],
        "createHref": [Function],
        "entries": Array [
          Object {
            "hash": "",
            "key": "testKey",
            "pathname": "/",
            "search": "",
          },
        ],
        "go": [Function],
        "goBack": [Function],
        "goForward": [Function],
        "index": 0,
        "length": 1,
        "listen": [Function],
        "location": Object {
          "hash": "",
          "key": "testKey",
          "pathname": "/",
          "search": "",
        },
        "push": [Function],
        "replace": [Function],
      }
    }
  >
    <_default>
      <Provider
        store={
          Object {
            "dispatch": [Function],
            "getState": [Function],
            "replaceReducer": [Function],
            "subscribe": [Function],
            Symbol(observable): [Function],
          }
        }
      >
        <Connect(Entries)>
          <Entries
            entries={Array []}
            getEntries={[Function]}
            signout={[Function]}
          >
            <div
              className="bg body"
            >
              <header
                className="header2"
              >
                <nav>
                  <ul
                    className="nav nav2"
                  >
                    <li>
                      <Link
                        replace={false}
                        to="/"
                      >
                        <a
                          href="/"
                          onClick={[Function]}
                        >
                          Home
                        </a>
                      </Link>
                    </li>
                    <li>
                      <Link
                        id="logout"
                        onClick={[Function]}
                        replace={false}
                        to="/"
                      >
                        <a
                          href="/"
                          id="logout"
                          onClick={[Function]}
                        >
                          Sign Out
                        </a>
                      </Link>
                    </li>
                  </ul>
                </nav>
              </header>
              <div>
                loading ...
              </div>
            </div>
          </Entries>
        </Connect(Entries)>
      </Provider>
    </_default>
  </Router>
</MemoryRouter>
`;
